******************************************************************************
                  TI ARM Linker PC v16.9.4                     
******************************************************************************
>> Linked Sun Nov 26 23:34:47 2017

OUTPUT FILE NAME:   <RL Quadruped.out>
ENTRY POINT SYMBOL: "_c_int00"  address: 00002ef1


MEMORY CONFIGURATION

         name            origin    length      used     unused   attr    fill
----------------------  --------  ---------  --------  --------  ----  --------
  MAIN                  00000000   00040000  0000321c  0003cde4  R  X
  INFO                  00200000   00004000  00000000  00004000  R  X
  SRAM_CODE             01000000   00010000  00000798  0000f868  RW X
  SRAM_DATA             20000000   00010000  00000798  0000f868  RW  


SEGMENT ALLOCATION MAP

run origin  load origin   length   init length attrs members
----------  ----------- ---------- ----------- ----- -------
00000000    00000000    00003220   00003220    r-x
  00000000    00000000    000000e4   000000e4    r-- .intvecs
  000000e4    000000e4    00002fdc   00002fdc    r-x .text
  000030c0    000030c0    000000c4   000000c4    r-- .const
  00003188    00003188    00000098   00000098    r-- .cinit
20000000    20000000    0000059c   00000000    rw-
  20000000    20000000    000000e4   00000000    rw- .vtable
  200000e8    200000e8    00000400   00000000    rw- .sysmem
  200004e8    200004e8    000000ac   00000000    rw- .data
  20000594    20000594    00000008   00000000    rw- .bss
2000fe00    2000fe00    00000200   00000000    rw-
  2000fe00    2000fe00    00000200   00000000    rw- .stack


SECTION ALLOCATION MAP

 output                                  attributes/
section   page    origin      length       input sections
--------  ----  ----------  ----------   ----------------
.intvecs   0    00000000    000000e4     
                  00000000    000000e4     startup_msp432p401r_ccs.obj (.intvecs:retain)

.binit     0    00000000    00000000     

.text      0    000000e4    00002fdc     
                  000000e4    00000d7c     cs.obj (.text)
                  00000e60    00000798     timer_a.obj (.text)
                  000015f8    00000480     gpio.obj (.text)
                  00001a78    000003f0     interrupt.obj (.text)
                  00001e68    0000032c     system_msp432p401r.obj (.text)
                  00002194    00000314     main.obj (.text)
                  000024a8    00000244     sysctl.obj (.text)
                  000026ec    000001b6     rtsv7M4_T_le_v4SPD16_eabi.lib : fd_add_t2.obj (.text)
                  000028a2    00000002                                   : mpu_init.obj (.text)
                  000028a4    000000f8                                   : s_floor.obj (.text)
                  0000299c    000000d8     wdt_a.obj (.text)
                  00002a74    000000c0     fpu.obj (.text)
                  00002b34    000000c0     rtsv7M4_T_le_v4SPD16_eabi.lib : s_round.obj (.text)
                  00002bf4    0000009c                                   : memcpy_t2.obj (.text)
                  00002c90    00000086                                   : fd_cmp_t2.obj (.text:__aeabi_cdcmple)
                  00002d16    00000086                                   : fd_cmp_t2.obj (.text:__aeabi_cdrcmple)
                  00002d9c    0000007a                                   : memset_t2.obj (.text)
                  00002e16    00000002                                   : startup.obj (.text)
                  00002e18    00000070                                   : autoinit.obj (.text)
                  00002e88    00000068                                   : copy_decompress_lzss.obj (.text:decompress:lzss)
                  00002ef0    00000054                                   : boot.obj (.text)
                  00002f44    00000054                                   : exit.obj (.text)
                  00002f98    0000004c                                   : cpy_tbl.obj (.text)
                  00002fe4    00000044                                   : fd_tou_t2.obj (.text)
                  00003028    0000003e     cpu.obj (.text)
                  00003066    00000002     --HOLE-- [fill = 0]
                  00003068    00000018     rtsv7M4_T_le_v4SPD16_eabi.lib : args_main.obj (.text)
                  00003080    00000014                                   : _lock.obj (.text)
                  00003094    0000000e                                   : copy_decompress_none.obj (.text:decompress:none)
                  000030a2    0000000e     startup_msp432p401r_ccs.obj (.text)
                  000030b0    0000000c     rtsv7M4_T_le_v4SPD16_eabi.lib : copy_zero_init.obj (.text:decompress:ZI)
                  000030bc    00000004                                   : pre_init.obj (.text)

.const     0    000030c0    000000c4     
                  000030c0    00000050     interrupt.obj (.const:g_pulRegs)
                  00003110    00000020     interrupt.obj (.const:g_pulPriority)
                  00003130    0000001c     gpio.obj (.const:GPIO_PORT_TO_INT)
                  0000314c    00000018     main.obj (.const:upConfig)
                  00003164    00000008     interrupt.obj (.const:g_pulDisRegs)
                  0000316c    00000008     interrupt.obj (.const:g_pulEnRegs)
                  00003174    00000008     interrupt.obj (.const:g_pulPendRegs)
                  0000317c    00000008     interrupt.obj (.const:g_pulUnpendRegs)

.cinit     0    00003188    00000098     
                  00003188    0000005e     (.cinit..data.load) [load image, compression = lzss]
                  000031e6    00000002     --HOLE-- [fill = 0]
                  000031e8    0000000c     (__TI_handler_table)
                  000031f4    00000004     --HOLE-- [fill = 0]
                  000031f8    00000008     (.cinit..bss.load) [load image, compression = zero_init]
                  00003200    00000008     (.cinit..vtable.load) [load image, compression = zero_init]
                  00003208    00000018     (__TI_cinit_table)

.init_array 
*          0    00000000    00000000     UNINITIALIZED

.vtable    0    20000000    000000e4     UNINITIALIZED
                  20000000    000000e4     interrupt.obj (.vtable)

.sysmem    0    200000e8    00000400     UNINITIALIZED
                  200000e8    00000008     rtsv7M4_T_le_v4SPD16_eabi.lib : memory.obj (.sysmem)
                  200000f0    000003f8     --HOLE--

.data      0    200004e8    000000ac     UNINITIALIZED
                  200004e8    00000030     gpio.obj (.data:GPIO_PORT_TO_BASE)
                  20000518    00000018     main.obj (.data:pwmConfig1)
                  20000530    00000018     main.obj (.data:pwmConfig2)
                  20000548    00000018     main.obj (.data:pwmConfig3)
                  20000560    00000018     main.obj (.data:pwmConfig4)
                  20000578    0000000c     rtsv7M4_T_le_v4SPD16_eabi.lib : exit.obj (.data:$O1$$)
                  20000584    00000008                                   : _lock.obj (.data:$O1$$)
                  2000058c    00000004                                   : stkdepth_vars.obj (.data)
                  20000590    00000004     system_msp432p401r.obj (.data)

.bss       0    20000594    00000008     UNINITIALIZED
                  20000594    00000008     cs.obj (.bss)

.stack     0    2000fe00    00000200     UNINITIALIZED
                  2000fe00    00000200     --HOLE--

MODULE SUMMARY

       Module                        code    ro data   rw data
       ------                        ----    -------   -------
    .\
       main.obj                      788     24        192    
       system_msp432p401r.obj        812     0         8      
       startup_msp432p401r_ccs.obj   14      228       0      
    +--+-----------------------------+-------+---------+---------+
       Total:                        1614    252       200    
                                                              
    .\driverlib\MSP432P4xx\
       cs.obj                        3452    0         16     
       timer_a.obj                   1944    0         0      
       interrupt.obj                 1008    144       456    
       gpio.obj                      1152    28        96     
       sysctl.obj                    580     0         0      
       wdt_a.obj                     216     0         0      
       fpu.obj                       192     0         0      
       cpu.obj                       62      0         0      
    +--+-----------------------------+-------+---------+---------+
       Total:                        8606    172       568    
                                                              
    C:\ti\ccsv7\tools\compiler\ti-cgt-arm_16.9.4.LTS\lib\rtsv7M4_T_le_v4SPD16_eabi.lib
       fd_add_t2.obj                 438     0         0      
       fd_cmp_t2.obj                 268     0         0      
       s_floor.obj                   248     0         0      
       s_round.obj                   192     0         0      
       memcpy_t2.obj                 156     0         0      
       memset_t2.obj                 122     0         0      
       autoinit.obj                  112     0         0      
       exit.obj                      84      0         24     
       copy_decompress_lzss.obj      104     0         0      
       boot.obj                      84      0         0      
       cpy_tbl.obj                   76      0         0      
       fd_tou_t2.obj                 68      0         0      
       _lock.obj                     20      0         16     
       args_main.obj                 24      0         0      
       copy_decompress_none.obj      14      0         0      
       copy_zero_init.obj            12      0         0      
       stkdepth_vars.obj             0       0         8      
       pre_init.obj                  4       0         0      
       mpu_init.obj                  2       0         0      
       startup.obj                   2       0         0      
    +--+-----------------------------+-------+---------+---------+
       Total:                        2030    0         48     
                                                              
       Heap:                         0       0         2048   
       Stack:                        0       0         1024   
       Linker Generated:             0       146       0      
    +--+-----------------------------+-------+---------+---------+
       Grand Total:                  12250   570       3888   


LINKER GENERATED COPY TABLES

__TI_cinit_table @ 00003208 records: 3, size/record: 8, table size: 24
	.data: load addr=00003188, load size=0000005e bytes, run addr=200004e8, run size=000000ac bytes, compression=lzss
	.bss: load addr=000031f8, load size=00000008 bytes, run addr=20000594, run size=00000008 bytes, compression=zero_init
	.vtable: load addr=00003200, load size=00000008 bytes, run addr=20000000, run size=000000e4 bytes, compression=zero_init


LINKER GENERATED HANDLER TABLE

__TI_handler_table @ 000031e8 records: 3, size/record: 4, table size: 12
	index: 0, handler: __TI_zero_init
	index: 1, handler: __TI_decompress_lzss
	index: 2, handler: __TI_decompress_none


GLOBAL SYMBOLS: SORTED ALPHABETICALLY BY Name 

address   name                                           
-------   ----                                           
000030af  ADC14_IRQHandler                               
000030af  AES256_IRQHandler                              
000030af  BusFault_Handler                               
00002f45  C$$EXIT                                        
000030af  COMP_E0_IRQHandler                             
000030af  COMP_E1_IRQHandler                             
0000305d  CPU_basepriGet                                 
0000304f  CPU_basepriSet                                 
00003029  CPU_cpsid                                      
0000303f  CPU_cpsie                                      
00003035  CPU_primask                                    
0000304b  CPU_wfi                                        
000030af  CS_IRQHandler                                  
00000de5  CS_clearInterruptFlag                          
0000068d  CS_disableClockRequest                         
00000773  CS_disableDCOExternalResistor                  
00000cb9  CS_disableFaultCounter                         
00000da3  CS_disableInterrupt                            
00000665  CS_enableClockRequest                          
000006d5  CS_enableDCOExternalResistor                   
00000c8d  CS_enableFaultCounter                          
00000d81  CS_enableInterrupt                             
00000c25  CS_getACLK                                     
00000be5  CS_getBCLK                                     
0000086d  CS_getDCOFrequency                             
00000dcb  CS_getEnabledInterruptStatus                   
00000c01  CS_getHSMCLK                                   
00000dc5  CS_getInterruptStatus                          
00000c6b  CS_getMCLK                                     
00000c49  CS_getSMCLK                                    
00000385  CS_initClockSignal                             
00000e07  CS_registerInterrupt                           
00000ce5  CS_resetFaultCounter                           
00000791  CS_setDCOCenteredFrequency                     
000006fd  CS_setDCOExternalResistorCalibration           
00000a0d  CS_setDCOFrequency                             
00000349  CS_setExternalClockSourceFrequency             
000006af  CS_setReferenceOscillatorFrequency             
00000d31  CS_startFaultCounter                           
00000489  CS_startHFXT                                   
000004ad  CS_startHFXTWithTimeout                        
00000571  CS_startLFXT                                   
00000595  CS_startLFXTWithTimeout                        
000007c9  CS_tuneDCOFrequency                            
00000e1b  CS_unregisterInterrupt                         
000030af  DMA_ERR_IRQHandler                             
000030af  DMA_INT0_IRQHandler                            
000030af  DMA_INT1_IRQHandler                            
000030af  DMA_INT2_IRQHandler                            
000030af  DMA_INT3_IRQHandler                            
000030af  DebugMon_Handler                               
000030af  Default_Handler                                
000030af  EUSCIA0_IRQHandler                             
000030af  EUSCIA1_IRQHandler                             
000030af  EUSCIA2_IRQHandler                             
000030af  EUSCIA3_IRQHandler                             
000030af  EUSCIB0_IRQHandler                             
000030af  EUSCIB1_IRQHandler                             
000030af  EUSCIB2_IRQHandler                             
000030af  EUSCIB3_IRQHandler                             
000030af  FLCTL_IRQHandler                               
000030af  FPU_IRQHandler                                 
00002a87  FPU_disableModule                              
00002ab3  FPU_disableStacking                            
00002aa7  FPU_enableLazyStacking                         
00002a75  FPU_enableModule                               
00002a95  FPU_enableStacking                             
00002af3  FPU_setFlushToZeroMode                         
00002abf  FPU_setHalfPrecisionMode                       
00002ad9  FPU_setNaNMode                                 
00002b0d  FPU_setRoundingMode                            
0000191b  GPIO_clearInterruptFlag                        
000018db  GPIO_disableInterrupt                          
000018b9  GPIO_enableInterrupt                           
00001973  GPIO_getEnabledInterruptStatus                 
0000188b  GPIO_getInputPinValue                          
000018fd  GPIO_getInterruptStatus                        
0000193d  GPIO_interruptEdgeSelect                       
00001a33  GPIO_registerInterrupt                         
00001633  GPIO_setAsInputPin                             
000017e7  GPIO_setAsInputPinWithPullDownResistor         
00001839  GPIO_setAsInputPinWithPullUpResistor           
000015f9  GPIO_setAsOutputPin                            
000016fd  GPIO_setAsPeripheralModuleFunctionInputPin     
00001679  GPIO_setAsPeripheralModuleFunctionOutputPin    
000019ef  GPIO_setDriveStrengthHigh                      
00001a11  GPIO_setDriveStrengthLow                       
00001781  GPIO_setOutputHighOnPin                        
000017a3  GPIO_setOutputLowOnPin                         
000017c5  GPIO_toggleOutputOnPin                         
00001a53  GPIO_unregisterInterrupt                       
000030af  HardFault_Handler                              
00001c3b  Interrupt_disableInterrupt                     
00001a8b  Interrupt_disableMaster                        
00001e39  Interrupt_disableSleepOnIsrExit                
00001bc9  Interrupt_enableInterrupt                      
00001a7b  Interrupt_enableMaster                         
00001e27  Interrupt_enableSleepOnIsrExit                 
00001ba3  Interrupt_getPriority                          
00001b1b  Interrupt_getPriorityGrouping                  
00001e07  Interrupt_getPriorityMask                      
00001e21  Interrupt_getVectorTableAddress                
00001cad  Interrupt_isEnabled                            
00001d39  Interrupt_pendInterrupt                        
00001a9b  Interrupt_registerInterrupt                    
00001b53  Interrupt_setPriority                          
00001b01  Interrupt_setPriorityGrouping                  
00001df7  Interrupt_setPriorityMask                      
00001e11  Interrupt_setVectorTableAddress                
00001da9  Interrupt_unpendInterrupt                      
00001aed  Interrupt_unregisterInterrupt                  
000030af  MemManage_Handler                              
000030af  NMI_Handler                                    
000030af  PCM_IRQHandler                                 
000030af  PORT1_IRQHandler                               
000030af  PORT2_IRQHandler                               
000030af  PORT3_IRQHandler                               
000030af  PORT4_IRQHandler                               
000030af  PORT5_IRQHandler                               
000030af  PORT6_IRQHandler                               
000030af  PSS_IRQHandler                                 
000030af  PendSV_Handler                                 
000030af  RTC_C_IRQHandler                               
000030a3  Reset_Handler                                  
UNDEFED   SHT$$INIT_ARRAY$$Base                          
UNDEFED   SHT$$INIT_ARRAY$$Limit                         
000030af  SVC_Handler                                    
0000269b  SysCtl_disableGlitchFilter                     
0000252b  SysCtl_disableNMISource                        
00002633  SysCtl_disablePeripheralAtCPUHalt              
00002575  SysCtl_disableSRAMBank                         
000025f9  SysCtl_disableSRAMBankRetention                
0000268f  SysCtl_enableGlitchFilter                      
0000253f  SysCtl_enableNMISource                         
0000261f  SysCtl_enablePeripheralAtCPUHalt               
00002559  SysCtl_enableSRAMBank                          
000025dd  SysCtl_enableSRAMBankRetention                 
00002525  SysCtl_getFlashSize                            
00002553  SysCtl_getNMISourceStatus                      
0000251f  SysCtl_getSRAMSize                             
000024a9  SysCtl_getTLVInfo                              
000026a7  SysCtl_getTempCalibrationConstant              
00002615  SysCtl_rebootDevice                            
0000266b  SysCtl_setWDTPasswordViolationResetType        
00002647  SysCtl_setWDTTimeoutResetType                  
000030af  SysTick_Handler                                
20000590  SystemCoreClock                                
00001e69  SystemCoreClockUpdate                          
000020dd  SystemInit                                     
000030af  T32_INT1_IRQHandler                            
000030af  T32_INT2_IRQHandler                            
000030af  T32_INTC_IRQHandler                            
000030af  TA0_0_IRQHandler                               
000030af  TA0_N_IRQHandler                               
000030af  TA1_0_IRQHandler                               
000030af  TA1_N_IRQHandler                               
000030af  TA2_0_IRQHandler                               
000030af  TA2_N_IRQHandler                               
000030af  TA3_0_IRQHandler                               
000030af  TA3_N_IRQHandler                               
0000132b  Timer_A_clearCaptureCompareInterrupt           
00001315  Timer_A_clearInterruptFlag                     
00001193  Timer_A_clearTimer                             
00000fbb  Timer_A_configureContinuousMode                
00001049  Timer_A_configureUpDownMode                    
00000feb  Timer_A_configureUpMode                        
000013b9  Timer_A_disableCaptureCompareInterrupt         
00001367  Timer_A_disableInterrupt                       
0000138d  Timer_A_enableCaptureCompareInterrupt          
00001353  Timer_A_enableInterrupt                        
0000125f  Timer_A_generatePWM                            
00001205  Timer_A_getCaptureCompareCount                 
00001421  Timer_A_getCaptureCompareEnabledInterruptStatus
000013e1  Timer_A_getCaptureCompareInterruptStatus       
00001147  Timer_A_getCounterValue                        
00001409  Timer_A_getEnabledInterruptStatus              
0000137b  Timer_A_getInterruptStatus                     
000011d7  Timer_A_getOutputForOutputModeOutBitValue      
000011a7  Timer_A_getSynchronizedCaptureCompareInput     
000010a7  Timer_A_initCapture                            
000010f9  Timer_A_initCompare                            
0000145d  Timer_A_registerInterrupt                      
000012e7  Timer_A_setCompareValue                        
00001227  Timer_A_setOutputForOutputModeOutBitValue      
00000fa5  Timer_A_startCounter                           
000012d3  Timer_A_stopTimer                              
0000152f  Timer_A_unregisterInterrupt                    
000030af  UsageFault_Handler                             
4000480c  WDTCTL_SYM                                     
000030af  WDT_A_IRQHandler                               
000029dd  WDT_A_clearTimer                               
0000299d  WDT_A_holdTimer                                
00002a19  WDT_A_initIntervalTimer                        
000029fd  WDT_A_initWatchdogTimer                        
00002a4d  WDT_A_registerInterrupt                        
00002a35  WDT_A_setPasswordViolationReset                
00002a41  WDT_A_setTimeoutReset                          
000029bd  WDT_A_startTimer                               
00002a61  WDT_A_unregisterInterrupt                      
20010000  __STACK_END                                    
00000200  __STACK_SIZE                                   
00000400  __SYSMEM_SIZE                                  
00003208  __TI_CINIT_Base                                
00003220  __TI_CINIT_Limit                               
000031e8  __TI_Handler_Table_Base                        
000031f4  __TI_Handler_Table_Limit                       
00002e19  __TI_auto_init                                 
20000578  __TI_cleanup_ptr                               
00002e89  __TI_decompress_lzss                           
00003095  __TI_decompress_none                           
2000057c  __TI_dtors_ptr                                 
20000580  __TI_enable_exit_profile_output                
ffffffff  __TI_pprof_out_hndl                            
ffffffff  __TI_prof_data_size                            
ffffffff  __TI_prof_data_start                           
00000000  __TI_static_base__                             
000030b1  __TI_zero_init                                 
00002c91  __aeabi_cdcmpeq                                
00002c91  __aeabi_cdcmple                                
00002d17  __aeabi_cdrcmple                               
00002fe5  __aeabi_d2uiz                                  
000026f7  __aeabi_dadd                                   
000026ed  __aeabi_dsub                                   
00002d9d  __aeabi_memclr                                 
00002d9d  __aeabi_memclr4                                
00002d9d  __aeabi_memclr8                                
00002bf5  __aeabi_memcpy                                 
00002bf5  __aeabi_memcpy4                                
00002bf5  __aeabi_memcpy8                                
00002d9f  __aeabi_memset                                 
00002d9f  __aeabi_memset4                                
00002d9f  __aeabi_memset8                                
ffffffff  __binit__                                      
ffffffff  __c_args__                                     
000028a3  __mpu_init                                     
2000fe00  __stack                                        
00003069  _args_main                                     
00002ef1  _c_int00                                       
20000584  _lock                                          
0000308f  _nop                                           
00003087  _register_lock                                 
00003081  _register_unlock                               
200000e8  _sys_memory                                    
00002e17  _system_post_cinit                             
000030bd  _system_pre_init                               
20000588  _unlock                                        
00002f49  abort                                          
ffffffff  binit                                          
00002f99  copy_in                                        
00002f51  exit                                           
000028a5  floor                                          
000028a5  floorl                                         
20000000  g_pfnRAMVectors                                
00000000  interruptVectors                               
00002195  main                                           
2000058c  main_func_sp                                   
00002bf5  memcpy                                         
00002da5  memset                                         
20000518  pwmConfig1                                     
20000530  pwmConfig2                                     
20000548  pwmConfig3                                     
20000560  pwmConfig4                                     
00002b35  round                                          
00002b35  roundl                                         
0000314c  upConfig                                       


GLOBAL SYMBOLS: SORTED BY Symbol Address 

address   name                                           
-------   ----                                           
00000000  __TI_static_base__                             
00000000  interruptVectors                               
00000200  __STACK_SIZE                                   
00000349  CS_setExternalClockSourceFrequency             
00000385  CS_initClockSignal                             
00000400  __SYSMEM_SIZE                                  
00000489  CS_startHFXT                                   
000004ad  CS_startHFXTWithTimeout                        
00000571  CS_startLFXT                                   
00000595  CS_startLFXTWithTimeout                        
00000665  CS_enableClockRequest                          
0000068d  CS_disableClockRequest                         
000006af  CS_setReferenceOscillatorFrequency             
000006d5  CS_enableDCOExternalResistor                   
000006fd  CS_setDCOExternalResistorCalibration           
00000773  CS_disableDCOExternalResistor                  
00000791  CS_setDCOCenteredFrequency                     
000007c9  CS_tuneDCOFrequency                            
0000086d  CS_getDCOFrequency                             
00000a0d  CS_setDCOFrequency                             
00000be5  CS_getBCLK                                     
00000c01  CS_getHSMCLK                                   
00000c25  CS_getACLK                                     
00000c49  CS_getSMCLK                                    
00000c6b  CS_getMCLK                                     
00000c8d  CS_enableFaultCounter                          
00000cb9  CS_disableFaultCounter                         
00000ce5  CS_resetFaultCounter                           
00000d31  CS_startFaultCounter                           
00000d81  CS_enableInterrupt                             
00000da3  CS_disableInterrupt                            
00000dc5  CS_getInterruptStatus                          
00000dcb  CS_getEnabledInterruptStatus                   
00000de5  CS_clearInterruptFlag                          
00000e07  CS_registerInterrupt                           
00000e1b  CS_unregisterInterrupt                         
00000fa5  Timer_A_startCounter                           
00000fbb  Timer_A_configureContinuousMode                
00000feb  Timer_A_configureUpMode                        
00001049  Timer_A_configureUpDownMode                    
000010a7  Timer_A_initCapture                            
000010f9  Timer_A_initCompare                            
00001147  Timer_A_getCounterValue                        
00001193  Timer_A_clearTimer                             
000011a7  Timer_A_getSynchronizedCaptureCompareInput     
000011d7  Timer_A_getOutputForOutputModeOutBitValue      
00001205  Timer_A_getCaptureCompareCount                 
00001227  Timer_A_setOutputForOutputModeOutBitValue      
0000125f  Timer_A_generatePWM                            
000012d3  Timer_A_stopTimer                              
000012e7  Timer_A_setCompareValue                        
00001315  Timer_A_clearInterruptFlag                     
0000132b  Timer_A_clearCaptureCompareInterrupt           
00001353  Timer_A_enableInterrupt                        
00001367  Timer_A_disableInterrupt                       
0000137b  Timer_A_getInterruptStatus                     
0000138d  Timer_A_enableCaptureCompareInterrupt          
000013b9  Timer_A_disableCaptureCompareInterrupt         
000013e1  Timer_A_getCaptureCompareInterruptStatus       
00001409  Timer_A_getEnabledInterruptStatus              
00001421  Timer_A_getCaptureCompareEnabledInterruptStatus
0000145d  Timer_A_registerInterrupt                      
0000152f  Timer_A_unregisterInterrupt                    
000015f9  GPIO_setAsOutputPin                            
00001633  GPIO_setAsInputPin                             
00001679  GPIO_setAsPeripheralModuleFunctionOutputPin    
000016fd  GPIO_setAsPeripheralModuleFunctionInputPin     
00001781  GPIO_setOutputHighOnPin                        
000017a3  GPIO_setOutputLowOnPin                         
000017c5  GPIO_toggleOutputOnPin                         
000017e7  GPIO_setAsInputPinWithPullDownResistor         
00001839  GPIO_setAsInputPinWithPullUpResistor           
0000188b  GPIO_getInputPinValue                          
000018b9  GPIO_enableInterrupt                           
000018db  GPIO_disableInterrupt                          
000018fd  GPIO_getInterruptStatus                        
0000191b  GPIO_clearInterruptFlag                        
0000193d  GPIO_interruptEdgeSelect                       
00001973  GPIO_getEnabledInterruptStatus                 
000019ef  GPIO_setDriveStrengthHigh                      
00001a11  GPIO_setDriveStrengthLow                       
00001a33  GPIO_registerInterrupt                         
00001a53  GPIO_unregisterInterrupt                       
00001a7b  Interrupt_enableMaster                         
00001a8b  Interrupt_disableMaster                        
00001a9b  Interrupt_registerInterrupt                    
00001aed  Interrupt_unregisterInterrupt                  
00001b01  Interrupt_setPriorityGrouping                  
00001b1b  Interrupt_getPriorityGrouping                  
00001b53  Interrupt_setPriority                          
00001ba3  Interrupt_getPriority                          
00001bc9  Interrupt_enableInterrupt                      
00001c3b  Interrupt_disableInterrupt                     
00001cad  Interrupt_isEnabled                            
00001d39  Interrupt_pendInterrupt                        
00001da9  Interrupt_unpendInterrupt                      
00001df7  Interrupt_setPriorityMask                      
00001e07  Interrupt_getPriorityMask                      
00001e11  Interrupt_setVectorTableAddress                
00001e21  Interrupt_getVectorTableAddress                
00001e27  Interrupt_enableSleepOnIsrExit                 
00001e39  Interrupt_disableSleepOnIsrExit                
00001e69  SystemCoreClockUpdate                          
000020dd  SystemInit                                     
00002195  main                                           
000024a9  SysCtl_getTLVInfo                              
0000251f  SysCtl_getSRAMSize                             
00002525  SysCtl_getFlashSize                            
0000252b  SysCtl_disableNMISource                        
0000253f  SysCtl_enableNMISource                         
00002553  SysCtl_getNMISourceStatus                      
00002559  SysCtl_enableSRAMBank                          
00002575  SysCtl_disableSRAMBank                         
000025dd  SysCtl_enableSRAMBankRetention                 
000025f9  SysCtl_disableSRAMBankRetention                
00002615  SysCtl_rebootDevice                            
0000261f  SysCtl_enablePeripheralAtCPUHalt               
00002633  SysCtl_disablePeripheralAtCPUHalt              
00002647  SysCtl_setWDTTimeoutResetType                  
0000266b  SysCtl_setWDTPasswordViolationResetType        
0000268f  SysCtl_enableGlitchFilter                      
0000269b  SysCtl_disableGlitchFilter                     
000026a7  SysCtl_getTempCalibrationConstant              
000026ed  __aeabi_dsub                                   
000026f7  __aeabi_dadd                                   
000028a3  __mpu_init                                     
000028a5  floor                                          
000028a5  floorl                                         
0000299d  WDT_A_holdTimer                                
000029bd  WDT_A_startTimer                               
000029dd  WDT_A_clearTimer                               
000029fd  WDT_A_initWatchdogTimer                        
00002a19  WDT_A_initIntervalTimer                        
00002a35  WDT_A_setPasswordViolationReset                
00002a41  WDT_A_setTimeoutReset                          
00002a4d  WDT_A_registerInterrupt                        
00002a61  WDT_A_unregisterInterrupt                      
00002a75  FPU_enableModule                               
00002a87  FPU_disableModule                              
00002a95  FPU_enableStacking                             
00002aa7  FPU_enableLazyStacking                         
00002ab3  FPU_disableStacking                            
00002abf  FPU_setHalfPrecisionMode                       
00002ad9  FPU_setNaNMode                                 
00002af3  FPU_setFlushToZeroMode                         
00002b0d  FPU_setRoundingMode                            
00002b35  round                                          
00002b35  roundl                                         
00002bf5  __aeabi_memcpy                                 
00002bf5  __aeabi_memcpy4                                
00002bf5  __aeabi_memcpy8                                
00002bf5  memcpy                                         
00002c91  __aeabi_cdcmpeq                                
00002c91  __aeabi_cdcmple                                
00002d17  __aeabi_cdrcmple                               
00002d9d  __aeabi_memclr                                 
00002d9d  __aeabi_memclr4                                
00002d9d  __aeabi_memclr8                                
00002d9f  __aeabi_memset                                 
00002d9f  __aeabi_memset4                                
00002d9f  __aeabi_memset8                                
00002da5  memset                                         
00002e17  _system_post_cinit                             
00002e19  __TI_auto_init                                 
00002e89  __TI_decompress_lzss                           
00002ef1  _c_int00                                       
00002f45  C$$EXIT                                        
00002f49  abort                                          
00002f51  exit                                           
00002f99  copy_in                                        
00002fe5  __aeabi_d2uiz                                  
00003029  CPU_cpsid                                      
00003035  CPU_primask                                    
0000303f  CPU_cpsie                                      
0000304b  CPU_wfi                                        
0000304f  CPU_basepriSet                                 
0000305d  CPU_basepriGet                                 
00003069  _args_main                                     
00003081  _register_unlock                               
00003087  _register_lock                                 
0000308f  _nop                                           
00003095  __TI_decompress_none                           
000030a3  Reset_Handler                                  
000030af  ADC14_IRQHandler                               
000030af  AES256_IRQHandler                              
000030af  BusFault_Handler                               
000030af  COMP_E0_IRQHandler                             
000030af  COMP_E1_IRQHandler                             
000030af  CS_IRQHandler                                  
000030af  DMA_ERR_IRQHandler                             
000030af  DMA_INT0_IRQHandler                            
000030af  DMA_INT1_IRQHandler                            
000030af  DMA_INT2_IRQHandler                            
000030af  DMA_INT3_IRQHandler                            
000030af  DebugMon_Handler                               
000030af  Default_Handler                                
000030af  EUSCIA0_IRQHandler                             
000030af  EUSCIA1_IRQHandler                             
000030af  EUSCIA2_IRQHandler                             
000030af  EUSCIA3_IRQHandler                             
000030af  EUSCIB0_IRQHandler                             
000030af  EUSCIB1_IRQHandler                             
000030af  EUSCIB2_IRQHandler                             
000030af  EUSCIB3_IRQHandler                             
000030af  FLCTL_IRQHandler                               
000030af  FPU_IRQHandler                                 
000030af  HardFault_Handler                              
000030af  MemManage_Handler                              
000030af  NMI_Handler                                    
000030af  PCM_IRQHandler                                 
000030af  PORT1_IRQHandler                               
000030af  PORT2_IRQHandler                               
000030af  PORT3_IRQHandler                               
000030af  PORT4_IRQHandler                               
000030af  PORT5_IRQHandler                               
000030af  PORT6_IRQHandler                               
000030af  PSS_IRQHandler                                 
000030af  PendSV_Handler                                 
000030af  RTC_C_IRQHandler                               
000030af  SVC_Handler                                    
000030af  SysTick_Handler                                
000030af  T32_INT1_IRQHandler                            
000030af  T32_INT2_IRQHandler                            
000030af  T32_INTC_IRQHandler                            
000030af  TA0_0_IRQHandler                               
000030af  TA0_N_IRQHandler                               
000030af  TA1_0_IRQHandler                               
000030af  TA1_N_IRQHandler                               
000030af  TA2_0_IRQHandler                               
000030af  TA2_N_IRQHandler                               
000030af  TA3_0_IRQHandler                               
000030af  TA3_N_IRQHandler                               
000030af  UsageFault_Handler                             
000030af  WDT_A_IRQHandler                               
000030b1  __TI_zero_init                                 
000030bd  _system_pre_init                               
0000314c  upConfig                                       
000031e8  __TI_Handler_Table_Base                        
000031f4  __TI_Handler_Table_Limit                       
00003208  __TI_CINIT_Base                                
00003220  __TI_CINIT_Limit                               
20000000  g_pfnRAMVectors                                
200000e8  _sys_memory                                    
20000518  pwmConfig1                                     
20000530  pwmConfig2                                     
20000548  pwmConfig3                                     
20000560  pwmConfig4                                     
20000578  __TI_cleanup_ptr                               
2000057c  __TI_dtors_ptr                                 
20000580  __TI_enable_exit_profile_output                
20000584  _lock                                          
20000588  _unlock                                        
2000058c  main_func_sp                                   
20000590  SystemCoreClock                                
2000fe00  __stack                                        
20010000  __STACK_END                                    
4000480c  WDTCTL_SYM                                     
ffffffff  __TI_pprof_out_hndl                            
ffffffff  __TI_prof_data_size                            
ffffffff  __TI_prof_data_start                           
ffffffff  __binit__                                      
ffffffff  __c_args__                                     
ffffffff  binit                                          
UNDEFED   SHT$$INIT_ARRAY$$Base                          
UNDEFED   SHT$$INIT_ARRAY$$Limit                         

[265 symbols]
