******************************************************************************
                  TI ARM Linker PC v16.9.4                     
******************************************************************************
>> Linked Tue Nov 28 18:35:54 2017

OUTPUT FILE NAME:   <RL Quadruped.out>
ENTRY POINT SYMBOL: "_c_int00"  address: 00006369


MEMORY CONFIGURATION

         name            origin    length      used     unused   attr    fill
----------------------  --------  ---------  --------  --------  ----  --------
  MAIN                  00000000   00040000  00006b82  0003947e  R  X
  INFO                  00200000   00004000  00000000  00004000  R  X
  SRAM_CODE             01000000   00010000  00000d71  0000f28f  RW X
  SRAM_DATA             20000000   00010000  00000d71  0000f28f  RW  


SEGMENT ALLOCATION MAP

run origin  load origin   length   init length attrs members
----------  ----------- ---------- ----------- ----- -------
00000000    00000000    00006b88   00006b88    r-x
  00000000    00000000    000000e4   000000e4    r-- .intvecs
  000000e4    000000e4    000067de   000067de    r-x .text
  000068c4    000068c4    000001d0   000001d0    r-- .const
  00006a98    00006a98    000000f0   000000f0    r-- .cinit
20000000    20000000    00000b78   00000000    rw-
  20000000    20000000    000000e4   00000000    rw- .vtable
  200000e8    200000e8    00000400   00000000    rw- .sysmem
  200004e8    200004e8    000003fd   00000000    rw- .bss
  200008e8    200008e8    00000290   00000000    rw- .data
2000fe00    2000fe00    00000200   00000000    rw-
  2000fe00    2000fe00    00000200   00000000    rw- .stack


SECTION ALLOCATION MAP

 output                                  attributes/
section   page    origin      length       input sections
--------  ----  ----------  ----------   ----------------
.intvecs   0    00000000    000000e4     
                  00000000    000000e4     startup_msp432p401r_ccs.obj (.intvecs:retain)

.binit     0    00000000    00000000     

.text      0    000000e4    000067de     
                  000000e4    0000113e     rtsv7M4_T_le_v4SPD16_eabi.lib : _printfi.obj (.text)
                  00001222    00000002                                   : mpu_init.obj (.text)
                  00001224    000010d0     main.obj (.text)
                  000022f4    00000d7c     cs.obj (.text)
                  00003070    00000798     timer_a.obj (.text)
                  00003808    00000480     gpio.obj (.text)
                  00003c88    000003f0     interrupt.obj (.text)
                  00004078    000003d0     rtsv7M4_T_le_v4SPD16_eabi.lib : memory.obj (.text)
                  00004448    0000032c     system_msp432p401r.obj (.text)
                  00004774    00000244     sysctl.obj (.text)
                  000049b8    000001f4     rtsv7M4_T_le_v4SPD16_eabi.lib : ull_div_t2.obj (.text)
                  00004bac    000001c4                                   : fopen.obj (.text)
                  00004d70    000001b6                                   : fd_add_t2.obj (.text)
                  00004f26    00000136                                   : fd_div_t2.obj (.text)
                  0000505c    00000134                                   : fputs.obj (.text)
                  00005190    000000fc                                   : fd_mul_t2.obj (.text)
                  0000528c    000000fc                                   : s_scalbn.obj (.text)
                  00005388    000000f8                                   : s_floor.obj (.text)
                  00005480    000000dc                                   : setvbuf.obj (.text)
                  0000555c    000000d8     wdt_a.obj (.text)
                  00005634    000000c8     rtsv7M4_T_le_v4SPD16_eabi.lib : fflush.obj (.text)
                  000056fc    000000c0     fpu.obj (.text)
                  000057bc    000000c0     rtsv7M4_T_le_v4SPD16_eabi.lib : s_round.obj (.text)
                  0000587c    000000bc                                   : open.obj (.text)
                  00005938    000000ac                                   : _io_perm.obj (.text)
                  000059e4    0000009c                                   : memcpy_t2.obj (.text)
                  00005a80    00000098                                   : fclose.obj (.text)
                  00005b18    00000098                                   : fputc.obj (.text)
                  00005bb0    00000098                                   : hosttime.obj (.text)
                  00005c48    00000086                                   : fd_cmp_t2.obj (.text:__aeabi_cdcmple)
                  00005cce    00000086                                   : fd_cmp_t2.obj (.text:__aeabi_cdrcmple)
                  00005d54    0000007a                                   : memset_t2.obj (.text)
                  00005dce    00000002                                   : startup.obj (.text)
                  00005dd0    00000070                                   : autoinit.obj (.text)
                  00005e40    00000070                                   : getdevice.obj (.text)
                  00005eb0    00000070                                   : printf.obj (.text)
                  00005f20    0000006e                                   : fd_tos_t2.obj (.text)
                  00005f8e    00000002     --HOLE-- [fill = 0]
                  00005f90    0000006c                                   : hostrename.obj (.text)
                  00005ffc    00000068                                   : copy_decompress_lzss.obj (.text:decompress:lzss)
                  00006064    00000068                                   : hostlseek.obj (.text)
                  000060cc    00000068                                   : trgmsg.obj (.text)
                  00006134    00000064                                   : fseek.obj (.text)
                  00006198    00000064                                   : s_frexp.obj (.text)
                  000061fc    00000060                                   : hostopen.obj (.text)
                  0000625c    0000005c                                   : close.obj (.text)
                  000062b8    00000058                                   : hostread.obj (.text)
                  00006310    00000058                                   : hostwrite.obj (.text)
                  00006368    00000054                                   : boot.obj (.text)
                  000063bc    00000054                                   : exit.obj (.text)
                  00006410    00000054                                   : ltoa.obj (.text)
                  00006464    0000004c                                   : atoi.obj (.text)
                  000064b0    0000004c                                   : cpy_tbl.obj (.text)
                  000064fc    0000004c                                   : rand.obj (.text)
                  00006548    00000048                                   : fd_toi_t2.obj (.text)
                  00006590    00000044                                   : fd_tou_t2.obj (.text)
                  000065d4    00000044                                   : hostclose.obj (.text)
                  00006618    00000044                                   : hostunlink.obj (.text)
                  0000665c    0000003e     cpu.obj (.text)
                  0000669a    00000038     rtsv7M4_T_le_v4SPD16_eabi.lib : fs_tod_t2.obj (.text)
                  000066d2    00000036                                   : strncpy.obj (.text)
                  00006708    0000002e                                   : i_tofd_t2.obj (.text)
                  00006736    00000002     --HOLE-- [fill = 0]
                  00006738    0000002c                                   : unlink.obj (.text)
                  00006764    00000028                                   : lseek.obj (.text)
                  0000678c    00000028                                   : write.obj (.text)
                  000067b4    00000020                                   : memchr.obj (.text)
                  000067d4    0000001c                                   : memccpy.obj (.text)
                  000067f0    00000018                                   : args_main.obj (.text)
                  00006808    00000018                                   : strcmp.obj (.text)
                  00006820    00000016                                   : strchr.obj (.text)
                  00006836    00000002     --HOLE-- [fill = 0]
                  00006838    00000014                                   : _lock.obj (.text)
                  0000684c    00000014                                   : s_copysign.obj (.text)
                  00006860    00000014                                   : strcpy.obj (.text)
                  00006874    00000014                                   : strlen.obj (.text)
                  00006888    0000000e                                   : copy_decompress_none.obj (.text:decompress:none)
                  00006896    0000000e                                   : time.obj (.text)
                  000068a4    0000000e     startup_msp432p401r_ccs.obj (.text)
                  000068b2    0000000c     rtsv7M4_T_le_v4SPD16_eabi.lib : copy_zero_init.obj (.text:decompress:ZI)
                  000068be    00000004                                   : pre_init.obj (.text)

.const     0    000068c4    000001d0     
                  000068c4    00000101     rtsv7M4_T_le_v4SPD16_eabi.lib : ctype.obj (.const:.string:_ctypes_)
                  000069c5    00000003     --HOLE-- [fill = 0]
                  000069c8    00000050     interrupt.obj (.const:g_pulRegs)
                  00006a18    00000020     interrupt.obj (.const:g_pulPriority)
                  00006a38    0000001c     gpio.obj (.const:GPIO_PORT_TO_INT)
                  00006a54    00000018     main.obj (.const:upConfig)
                  00006a6c    00000008     interrupt.obj (.const:g_pulDisRegs)
                  00006a74    00000008     interrupt.obj (.const:g_pulEnRegs)
                  00006a7c    00000008     interrupt.obj (.const:g_pulPendRegs)
                  00006a84    00000008     interrupt.obj (.const:g_pulUnpendRegs)
                  00006a8c    00000008     main.obj (.const)

.cinit     0    00006a98    000000f0     
                  00006a98    000000b9     (.cinit..data.load) [load image, compression = lzss]
                  00006b51    00000003     --HOLE-- [fill = 0]
                  00006b54    0000000c     (__TI_handler_table)
                  00006b60    00000008     (.cinit..bss.load) [load image, compression = zero_init]
                  00006b68    00000008     (.cinit..vtable.load) [load image, compression = zero_init]
                  00006b70    00000018     (__TI_cinit_table)

.init_array 
*          0    00000000    00000000     UNINITIALIZED

.vtable    0    20000000    000000e4     UNINITIALIZED
                  20000000    000000e4     interrupt.obj (.vtable)

.sysmem    0    200000e8    00000400     UNINITIALIZED
                  200000e8    00000008     rtsv7M4_T_le_v4SPD16_eabi.lib : memory.obj (.sysmem)
                  200000f0    000003f8     --HOLE--

.bss       0    200004e8    000003fd     UNINITIALIZED
                  200004e8    000001e0     (.common:joint)
                  200006c8    00000120     rtsv7M4_T_le_v4SPD16_eabi.lib : trgmsg.obj (.bss:_CIOBUF_)
                  200007e8    000000a0     (.common:__TI_tmpnams)
                  20000888    00000008     cs.obj (.bss)
                  20000890    00000008     (.common:parmbuf)
                  20000898    00000004     (.common:action1)
                  2000089c    00000004     (.common:action2)
                  200008a0    00000004     (.common:action3)
                  200008a4    00000004     (.common:action4)
                  200008a8    00000004     (.common:action5)
                  200008ac    00000004     (.common:action6)
                  200008b0    00000004     (.common:action7)
                  200008b4    00000004     (.common:action8)
                  200008b8    00000004     (.common:alpha)
                  200008bc    00000004     (.common:discount)
                  200008c0    00000004     (.common:distance)
                  200008c4    00000004     (.common:episode)
                  200008c8    00000004     (.common:i)
                  200008cc    00000004     (.common:newDist)
                  200008d0    00000004     (.common:oldDist)
                  200008d4    00000001     (.common:reward)
                  200008d5    00000001     (.common:state1)
                  200008d6    00000001     (.common:state1old)
                  200008d7    00000001     (.common:state2)
                  200008d8    00000001     (.common:state2old)
                  200008d9    00000001     (.common:state3)
                  200008da    00000001     (.common:state3old)
                  200008db    00000001     (.common:state4)
                  200008dc    00000001     (.common:state4old)
                  200008dd    00000001     (.common:state5)
                  200008de    00000001     (.common:state5old)
                  200008df    00000001     (.common:state6)
                  200008e0    00000001     (.common:state6old)
                  200008e1    00000001     (.common:state7)
                  200008e2    00000001     (.common:state7old)
                  200008e3    00000001     (.common:state8)
                  200008e4    00000001     (.common:state8old)

.data      0    200008e8    00000290     UNINITIALIZED
                  200008e8    000000f0     rtsv7M4_T_le_v4SPD16_eabi.lib : defs.obj (.data:_ftable)
                  200009d8    00000078                                   : write.obj (.data:_device)
                  20000a50    00000050                                   : write.obj (.data:_stream)
                  20000aa0    00000030     gpio.obj (.data:GPIO_PORT_TO_BASE)
                  20000ad0    00000018     main.obj (.data:pwmConfig1)
                  20000ae8    00000018     main.obj (.data:pwmConfig2)
                  20000b00    00000018     main.obj (.data:pwmConfig3)
                  20000b18    00000018     main.obj (.data:pwmConfig4)
                  20000b30    00000010     rtsv7M4_T_le_v4SPD16_eabi.lib : defs.obj (.data)
                  20000b40    0000000c                                   : exit.obj (.data:$O1$$)
                  20000b4c    0000000c                                   : memory.obj (.data:$O1$$)
                  20000b58    00000008                                   : _lock.obj (.data:$O1$$)
                  20000b60    00000004                                   : errno.obj (.data)
                  20000b64    00000004                                   : fopen.obj (.data)
                  20000b68    00000004                                   : open.obj (.data)
                  20000b6c    00000004                                   : rand.obj (.data)
                  20000b70    00000004                                   : stkdepth_vars.obj (.data)
                  20000b74    00000004     system_msp432p401r.obj (.data)

.stack     0    2000fe00    00000200     UNINITIALIZED
                  2000fe00    00000200     --HOLE--

MODULE SUMMARY

       Module                        code    ro data   rw data
       ------                        ----    -------   -------
    .\
       main.obj                      4304    32        1306   
       system_msp432p401r.obj        812     0         8      
       startup_msp432p401r_ccs.obj   14      228       0      
    +--+-----------------------------+-------+---------+---------+
       Total:                        5130    260       1314   
                                                              
    .\driverlib\MSP432P4xx\
       cs.obj                        3452    0         16     
       timer_a.obj                   1944    0         0      
       interrupt.obj                 1008    144       456    
       gpio.obj                      1152    28        96     
       sysctl.obj                    580     0         0      
       wdt_a.obj                     216     0         0      
       fpu.obj                       192     0         0      
       cpu.obj                       62      0         0      
    +--+-----------------------------+-------+---------+---------+
       Total:                        8606    172       568    
                                                              
    C:\ti\ccsv7\tools\compiler\ti-cgt-arm_16.9.4.LTS\lib\rtsv7M4_T_le_v4SPD16_eabi.lib
       _printfi.obj                  4414    0         0      
       memory.obj                    976     0         24     
       defs.obj                      0       0         832    
       trgmsg.obj                    104     0         576    
       ull_div_t2.obj                500     0         0      
       fopen.obj                     452     0         8      
       write.obj                     40      0         400    
       fd_add_t2.obj                 438     0         0      
       fd_div_t2.obj                 310     0         0      
       fputs.obj                     308     0         0      
       fd_cmp_t2.obj                 268     0         0      
       ctype.obj                     0       257       0      
       fd_mul_t2.obj                 252     0         0      
       s_scalbn.obj                  252     0         0      
       s_floor.obj                   248     0         0      
       setvbuf.obj                   220     0         0      
       fflush.obj                    200     0         0      
       open.obj                      188     0         8      
       s_round.obj                   192     0         0      
       _io_perm.obj                  172     0         0      
       memcpy_t2.obj                 156     0         0      
       fclose.obj                    152     0         0      
       fputc.obj                     152     0         0      
       hosttime.obj                  152     0         0      
       memset_t2.obj                 122     0         0      
       autoinit.obj                  112     0         0      
       getdevice.obj                 112     0         0      
       hostopen.obj                  96      0         16     
       printf.obj                    112     0         0      
       fd_tos_t2.obj                 110     0         0      
       exit.obj                      84      0         24     
       hostrename.obj                108     0         0      
       copy_decompress_lzss.obj      104     0         0      
       hostlseek.obj                 104     0         0      
       fseek.obj                     100     0         0      
       s_frexp.obj                   100     0         0      
       close.obj                     92      0         0      
       hostread.obj                  88      0         0      
       hostwrite.obj                 88      0         0      
       boot.obj                      84      0         0      
       ltoa.obj                      84      0         0      
       rand.obj                      76      0         8      
       atoi.obj                      76      0         0      
       cpy_tbl.obj                   76      0         0      
       fd_toi_t2.obj                 72      0         0      
       fd_tou_t2.obj                 68      0         0      
       hostclose.obj                 68      0         0      
       hostunlink.obj                68      0         0      
       fs_tod_t2.obj                 56      0         0      
       strncpy.obj                   54      0         0      
       i_tofd_t2.obj                 46      0         0      
       unlink.obj                    44      0         0      
       lseek.obj                     40      0         0      
       _lock.obj                     20      0         16     
       memchr.obj                    32      0         0      
       memccpy.obj                   28      0         0      
       args_main.obj                 24      0         0      
       strcmp.obj                    24      0         0      
       strchr.obj                    22      0         0      
       s_copysign.obj                20      0         0      
       strcpy.obj                    20      0         0      
       strlen.obj                    20      0         0      
       copy_decompress_none.obj      14      0         0      
       time.obj                      14      0         0      
       copy_zero_init.obj            12      0         0      
       errno.obj                     0       0         8      
       stkdepth_vars.obj             0       0         8      
       pre_init.obj                  4       0         0      
       mpu_init.obj                  2       0         0      
       startup.obj                   2       0         0      
    +--+-----------------------------+-------+---------+---------+
       Total:                        12848   257       1928   
                                                              
       Heap:                         0       0         2048   
       Stack:                        0       0         1024   
       Linker Generated:             0       237       0      
    +--+-----------------------------+-------+---------+---------+
       Grand Total:                  26584   926       6882   


LINKER GENERATED COPY TABLES

__TI_cinit_table @ 00006b70 records: 3, size/record: 8, table size: 24
	.data: load addr=00006a98, load size=000000b9 bytes, run addr=200008e8, run size=00000290 bytes, compression=lzss
	.bss: load addr=00006b60, load size=00000008 bytes, run addr=200004e8, run size=000003fd bytes, compression=zero_init
	.vtable: load addr=00006b68, load size=00000008 bytes, run addr=20000000, run size=000000e4 bytes, compression=zero_init


LINKER GENERATED HANDLER TABLE

__TI_handler_table @ 00006b54 records: 3, size/record: 4, table size: 12
	index: 0, handler: __TI_zero_init
	index: 1, handler: __TI_decompress_lzss
	index: 2, handler: __TI_decompress_none


GLOBAL SYMBOLS: SORTED ALPHABETICALLY BY Name 

address   name                                           
-------   ----                                           
000068b1  ADC14_IRQHandler                               
000068b1  AES256_IRQHandler                              
000068b1  BusFault_Handler                               
000063bd  C$$EXIT                                        
000060fb  C$$IO$$                                        
000068b1  COMP_E0_IRQHandler                             
000068b1  COMP_E1_IRQHandler                             
00006691  CPU_basepriGet                                 
00006683  CPU_basepriSet                                 
0000665d  CPU_cpsid                                      
00006673  CPU_cpsie                                      
00006669  CPU_primask                                    
0000667f  CPU_wfi                                        
000068b1  CS_IRQHandler                                  
00002ff5  CS_clearInterruptFlag                          
0000289d  CS_disableClockRequest                         
00002983  CS_disableDCOExternalResistor                  
00002ec9  CS_disableFaultCounter                         
00002fb3  CS_disableInterrupt                            
00002875  CS_enableClockRequest                          
000028e5  CS_enableDCOExternalResistor                   
00002e9d  CS_enableFaultCounter                          
00002f91  CS_enableInterrupt                             
00002e35  CS_getACLK                                     
00002df5  CS_getBCLK                                     
00002a7d  CS_getDCOFrequency                             
00002fdb  CS_getEnabledInterruptStatus                   
00002e11  CS_getHSMCLK                                   
00002fd5  CS_getInterruptStatus                          
00002e7b  CS_getMCLK                                     
00002e59  CS_getSMCLK                                    
00002595  CS_initClockSignal                             
00003017  CS_registerInterrupt                           
00002ef5  CS_resetFaultCounter                           
000029a1  CS_setDCOCenteredFrequency                     
0000290d  CS_setDCOExternalResistorCalibration           
00002c1d  CS_setDCOFrequency                             
00002559  CS_setExternalClockSourceFrequency             
000028bf  CS_setReferenceOscillatorFrequency             
00002f41  CS_startFaultCounter                           
00002699  CS_startHFXT                                   
000026bd  CS_startHFXTWithTimeout                        
00002781  CS_startLFXT                                   
000027a5  CS_startLFXTWithTimeout                        
000029d9  CS_tuneDCOFrequency                            
0000302b  CS_unregisterInterrupt                         
00001bb1  CheckState                                     
000068b1  DMA_ERR_IRQHandler                             
000068b1  DMA_INT0_IRQHandler                            
000068b1  DMA_INT1_IRQHandler                            
000068b1  DMA_INT2_IRQHandler                            
000068b1  DMA_INT3_IRQHandler                            
000068b1  DebugMon_Handler                               
000068b1  Default_Handler                                
000068b1  EUSCIA0_IRQHandler                             
000068b1  EUSCIA1_IRQHandler                             
000068b1  EUSCIA2_IRQHandler                             
000068b1  EUSCIA3_IRQHandler                             
000068b1  EUSCIB0_IRQHandler                             
000068b1  EUSCIB1_IRQHandler                             
000068b1  EUSCIB2_IRQHandler                             
000068b1  EUSCIB3_IRQHandler                             
000068b1  FLCTL_IRQHandler                               
000068b1  FPU_IRQHandler                                 
0000570f  FPU_disableModule                              
0000573b  FPU_disableStacking                            
0000572f  FPU_enableLazyStacking                         
000056fd  FPU_enableModule                               
0000571d  FPU_enableStacking                             
0000577b  FPU_setFlushToZeroMode                         
00005747  FPU_setHalfPrecisionMode                       
00005761  FPU_setNaNMode                                 
00005795  FPU_setRoundingMode                            
00003b2b  GPIO_clearInterruptFlag                        
00003aeb  GPIO_disableInterrupt                          
00003ac9  GPIO_enableInterrupt                           
00003b83  GPIO_getEnabledInterruptStatus                 
00003a9b  GPIO_getInputPinValue                          
00003b0d  GPIO_getInterruptStatus                        
00003b4d  GPIO_interruptEdgeSelect                       
00003c43  GPIO_registerInterrupt                         
00003843  GPIO_setAsInputPin                             
000039f7  GPIO_setAsInputPinWithPullDownResistor         
00003a49  GPIO_setAsInputPinWithPullUpResistor           
00003809  GPIO_setAsOutputPin                            
0000390d  GPIO_setAsPeripheralModuleFunctionInputPin     
00003889  GPIO_setAsPeripheralModuleFunctionOutputPin    
00003bff  GPIO_setDriveStrengthHigh                      
00003c21  GPIO_setDriveStrengthLow                       
00003991  GPIO_setOutputHighOnPin                        
000039b3  GPIO_setOutputLowOnPin                         
000039d5  GPIO_toggleOutputOnPin                         
00003c63  GPIO_unregisterInterrupt                       
00002179  GetDistance                                    
000065d5  HOSTclose                                      
00006065  HOSTlseek                                      
000061fd  HOSTopen                                       
000062b9  HOSTread                                       
00005f91  HOSTrename                                     
00005bff  HOSTtime                                       
00005bb1  HOSTtime64                                     
00006619  HOSTunlink                                     
00006311  HOSTwrite                                      
000068b1  HardFault_Handler                              
00001cb5  InitializePWM                                  
00001db1  InitializeQ                                    
00001c4d  InitializeSensor                               
00003e4b  Interrupt_disableInterrupt                     
00003c9b  Interrupt_disableMaster                        
00004049  Interrupt_disableSleepOnIsrExit                
00003dd9  Interrupt_enableInterrupt                      
00003c8b  Interrupt_enableMaster                         
00004037  Interrupt_enableSleepOnIsrExit                 
00003db3  Interrupt_getPriority                          
00003d2b  Interrupt_getPriorityGrouping                  
00004017  Interrupt_getPriorityMask                      
00004031  Interrupt_getVectorTableAddress                
00003ebd  Interrupt_isEnabled                            
00003f49  Interrupt_pendInterrupt                        
00003cab  Interrupt_registerInterrupt                    
00003d63  Interrupt_setPriority                          
00003d11  Interrupt_setPriorityGrouping                  
00004007  Interrupt_setPriorityMask                      
00004021  Interrupt_setVectorTableAddress                
00003fb9  Interrupt_unpendInterrupt                      
00003cfd  Interrupt_unregisterInterrupt                  
000068b1  MemManage_Handler                              
000068b1  NMI_Handler                                    
000068b1  PCM_IRQHandler                                 
000068b1  PORT1_IRQHandler                               
000068b1  PORT2_IRQHandler                               
000068b1  PORT3_IRQHandler                               
000068b1  PORT4_IRQHandler                               
000021f9  PORT5_IRQHandler                               
000021f9  PORT5_IRQHandler                               
000068b1  PORT6_IRQHandler                               
000068b1  PSS_IRQHandler                                 
000068b1  PendSV_Handler                                 
000068b1  RTC_C_IRQHandler                               
000068a5  Reset_Handler                                  
UNDEFED   SHT$$INIT_ARRAY$$Base                          
UNDEFED   SHT$$INIT_ARRAY$$Limit                         
000068b1  SVC_Handler                                    
00004967  SysCtl_disableGlitchFilter                     
000047f7  SysCtl_disableNMISource                        
000048ff  SysCtl_disablePeripheralAtCPUHalt              
00004841  SysCtl_disableSRAMBank                         
000048c5  SysCtl_disableSRAMBankRetention                
0000495b  SysCtl_enableGlitchFilter                      
0000480b  SysCtl_enableNMISource                         
000048eb  SysCtl_enablePeripheralAtCPUHalt               
00004825  SysCtl_enableSRAMBank                          
000048a9  SysCtl_enableSRAMBankRetention                 
000047f1  SysCtl_getFlashSize                            
0000481f  SysCtl_getNMISourceStatus                      
000047eb  SysCtl_getSRAMSize                             
00004775  SysCtl_getTLVInfo                              
00004973  SysCtl_getTempCalibrationConstant              
000048e1  SysCtl_rebootDevice                            
00004937  SysCtl_setWDTPasswordViolationResetType        
00004913  SysCtl_setWDTTimeoutResetType                  
000068b1  SysTick_Handler                                
20000b74  SystemCoreClock                                
00004449  SystemCoreClockUpdate                          
000046bd  SystemInit                                     
000068b1  T32_INT1_IRQHandler                            
000068b1  T32_INT2_IRQHandler                            
000068b1  T32_INTC_IRQHandler                            
000068b1  TA0_0_IRQHandler                               
000068b1  TA0_N_IRQHandler                               
000068b1  TA1_0_IRQHandler                               
000068b1  TA1_N_IRQHandler                               
00002269  TA2_0_IRQHandler                               
00002269  TA2_0_IRQHandler                               
000068b1  TA2_N_IRQHandler                               
000068b1  TA3_0_IRQHandler                               
000068b1  TA3_N_IRQHandler                               
0000353b  Timer_A_clearCaptureCompareInterrupt           
00003525  Timer_A_clearInterruptFlag                     
000033a3  Timer_A_clearTimer                             
000031cb  Timer_A_configureContinuousMode                
00003259  Timer_A_configureUpDownMode                    
000031fb  Timer_A_configureUpMode                        
000035c9  Timer_A_disableCaptureCompareInterrupt         
00003577  Timer_A_disableInterrupt                       
0000359d  Timer_A_enableCaptureCompareInterrupt          
00003563  Timer_A_enableInterrupt                        
0000346f  Timer_A_generatePWM                            
00003415  Timer_A_getCaptureCompareCount                 
00003631  Timer_A_getCaptureCompareEnabledInterruptStatus
000035f1  Timer_A_getCaptureCompareInterruptStatus       
00003357  Timer_A_getCounterValue                        
00003619  Timer_A_getEnabledInterruptStatus              
0000358b  Timer_A_getInterruptStatus                     
000033e7  Timer_A_getOutputForOutputModeOutBitValue      
000033b7  Timer_A_getSynchronizedCaptureCompareInput     
000032b7  Timer_A_initCapture                            
00003309  Timer_A_initCompare                            
0000366d  Timer_A_registerInterrupt                      
000034f7  Timer_A_setCompareValue                        
00003437  Timer_A_setOutputForOutputModeOutBitValue      
000031b5  Timer_A_startCounter                           
000034e3  Timer_A_stopTimer                              
0000373f  Timer_A_unregisterInterrupt                    
000068b1  UsageFault_Handler                             
4000480c  WDTCTL_SYM                                     
000068b1  WDT_A_IRQHandler                               
0000559d  WDT_A_clearTimer                               
0000555d  WDT_A_holdTimer                                
000055d9  WDT_A_initIntervalTimer                        
000055bd  WDT_A_initWatchdogTimer                        
0000560d  WDT_A_registerInterrupt                        
000055f5  WDT_A_setPasswordViolationReset                
00005601  WDT_A_setTimeoutReset                          
0000557d  WDT_A_startTimer                               
00005621  WDT_A_unregisterInterrupt                      
200006c8  __CIOBUF_                                      
20010000  __STACK_END                                    
00000200  __STACK_SIZE                                   
00000400  __SYSMEM_SIZE                                  
00006b70  __TI_CINIT_Base                                
00006b88  __TI_CINIT_Limit                               
00006b54  __TI_Handler_Table_Base                        
00006b60  __TI_Handler_Table_Limit                       
00005dd1  __TI_auto_init                                 
00004c75  __TI_cleanup                                   
20000b40  __TI_cleanup_ptr                               
00005a81  __TI_closefile                                 
00005ffd  __TI_decompress_lzss                           
00006889  __TI_decompress_none                           
00005635  __TI_doflush                                   
20000b44  __TI_dtors_ptr                                 
20000b48  __TI_enable_exit_profile_output                
20000b30  __TI_ft_end                                    
ffffffff  __TI_pprof_out_hndl                            
00000929  __TI_printfi                                   
ffffffff  __TI_prof_data_size                            
ffffffff  __TI_prof_data_start                           
0000599b  __TI_rd_ok                                     
000060ff  __TI_readmsg                                   
00000000  __TI_static_base__                             
200007e8  __TI_tmpnams                                   
000060cd  __TI_writemsg                                  
00005939  __TI_wrt_ok                                    
000068b3  __TI_zero_init                                 
00005c49  __aeabi_cdcmpeq                                
00005c49  __aeabi_cdcmple                                
00005ccf  __aeabi_cdrcmple                               
00005f21  __aeabi_d2f                                    
00006549  __aeabi_d2iz                                   
00006591  __aeabi_d2uiz                                  
00004d7b  __aeabi_dadd                                   
00004f27  __aeabi_ddiv                                   
00005191  __aeabi_dmul                                   
00004d71  __aeabi_dsub                                   
0000669b  __aeabi_f2d                                    
00006709  __aeabi_i2d                                    
00005d55  __aeabi_memclr                                 
00005d55  __aeabi_memclr4                                
00005d55  __aeabi_memclr8                                
000059e5  __aeabi_memcpy                                 
000059e5  __aeabi_memcpy4                                
000059e5  __aeabi_memcpy8                                
00005d57  __aeabi_memset                                 
00005d57  __aeabi_memset4                                
00005d57  __aeabi_memset8                                
20000b3c  __aeabi_stderr                                 
20000b34  __aeabi_stdin                                  
20000b38  __aeabi_stdout                                 
000049b9  __aeabi_uldivmod                               
ffffffff  __binit__                                      
ffffffff  __c_args__                                     
00001223  __mpu_init                                     
2000fe00  __stack                                        
00006897  __time32                                       
000067f1  _args_main                                     
00006369  _c_int00                                       
000068c4  _ctypes_                                       
200009d8  _device                                        
200008e8  _ftable                                        
20000b58  _lock                                          
00006847  _nop                                           
0000683f  _register_lock                                 
00006839  _register_unlock                               
20000a50  _stream                                        
200000e8  _sys_memory                                    
00005dcf  _system_post_cinit                             
000068bf  _system_pre_init                               
20000b5c  _unlock                                        
000063c1  abort                                          
20000898  action1                                        
2000089c  action2                                        
200008a0  action3                                        
200008a4  action4                                        
200008a8  action5                                        
200008ac  action6                                        
200008b0  action7                                        
200008b4  action8                                        
00006a90  action_space                                   
200008b8  alpha                                          
000020bd  argmax                                         
00006465  atoi                                           
ffffffff  binit                                          
00004419  calloc                                         
0000625d  close                                          
000064b1  copy_in                                        
0000684d  copysign                                       
0000684d  copysignl                                      
200008bc  discount                                       
200008c0  distance                                       
200008c4  episode                                        
20000b60  errno                                          
000063c9  exit                                           
00005ae7  fclose                                         
00005681  fflush                                         
00005e41  finddevice                                     
00005389  floor                                          
00005389  floorl                                         
00004ccb  fopen                                          
00005b19  fputc                                          
0000505d  fputs                                          
00004163  free                                           
00004ca1  freopen                                        
00006199  frexp                                          
00006199  frexpl                                         
00006135  fseek                                          
20000000  g_pfnRAMVectors                                
00005e6b  getdevice                                      
200008c8  i                                              
00000000  interruptVectors                               
200004e8  joint                                          
0000528d  ldexp                                          
0000528d  ldexpl                                         
00006765  lseek                                          
00006411  ltoa                                           
00001225  main                                           
20000b70  main_func_sp                                   
000040f9  malloc                                         
00001b15  maxQ                                           
0000432d  memalign                                       
000067d5  memccpy                                        
000067b5  memchr                                         
000059e5  memcpy                                         
00005d5d  memset                                         
00004079  minit                                          
200008cc  newDist                                        
200008d0  oldDist                                        
0000587d  open                                           
20000890  parmbuf                                        
00005eb9  printf                                         
00005b19  putc                                           
00005b9d  putchar                                        
00005169  puts                                           
20000ad0  pwmConfig1                                     
20000ae8  pwmConfig2                                     
20000b00  pwmConfig3                                     
20000b18  pwmConfig4                                     
00006513  rand                                           
00004225  realloc                                        
00006739  remove                                         
200008d4  reward                                         
000057bd  round                                          
000057bd  roundl                                         
0000528d  scalbn                                         
0000528d  scalbnl                                        
00005481  setvbuf                                        
000064fd  srand                                          
200008d5  state1                                         
200008d6  state1old                                      
200008d7  state2                                         
200008d8  state2old                                      
200008d9  state3                                         
200008da  state3old                                      
200008db  state4                                         
200008dc  state4old                                      
200008dd  state5                                         
200008de  state5old                                      
200008df  state6                                         
200008e0  state6old                                      
200008e1  state7                                         
200008e2  state7old                                      
200008e3  state8                                         
200008e4  state8old                                      
00006a8c  state_space                                    
00006821  strchr                                         
00006809  strcmp                                         
00006861  strcpy                                         
00006875  strlen                                         
000066d3  strncpy                                        
00006897  time                                           
00006739  unlink                                         
00006a54  upConfig                                       
0000678d  write                                          


GLOBAL SYMBOLS: SORTED BY Symbol Address 

address   name                                           
-------   ----                                           
00000000  __TI_static_base__                             
00000000  interruptVectors                               
00000200  __STACK_SIZE                                   
00000400  __SYSMEM_SIZE                                  
00000929  __TI_printfi                                   
00001223  __mpu_init                                     
00001225  main                                           
00001b15  maxQ                                           
00001bb1  CheckState                                     
00001c4d  InitializeSensor                               
00001cb5  InitializePWM                                  
00001db1  InitializeQ                                    
000020bd  argmax                                         
00002179  GetDistance                                    
000021f9  PORT5_IRQHandler                               
000021f9  PORT5_IRQHandler                               
00002269  TA2_0_IRQHandler                               
00002269  TA2_0_IRQHandler                               
00002559  CS_setExternalClockSourceFrequency             
00002595  CS_initClockSignal                             
00002699  CS_startHFXT                                   
000026bd  CS_startHFXTWithTimeout                        
00002781  CS_startLFXT                                   
000027a5  CS_startLFXTWithTimeout                        
00002875  CS_enableClockRequest                          
0000289d  CS_disableClockRequest                         
000028bf  CS_setReferenceOscillatorFrequency             
000028e5  CS_enableDCOExternalResistor                   
0000290d  CS_setDCOExternalResistorCalibration           
00002983  CS_disableDCOExternalResistor                  
000029a1  CS_setDCOCenteredFrequency                     
000029d9  CS_tuneDCOFrequency                            
00002a7d  CS_getDCOFrequency                             
00002c1d  CS_setDCOFrequency                             
00002df5  CS_getBCLK                                     
00002e11  CS_getHSMCLK                                   
00002e35  CS_getACLK                                     
00002e59  CS_getSMCLK                                    
00002e7b  CS_getMCLK                                     
00002e9d  CS_enableFaultCounter                          
00002ec9  CS_disableFaultCounter                         
00002ef5  CS_resetFaultCounter                           
00002f41  CS_startFaultCounter                           
00002f91  CS_enableInterrupt                             
00002fb3  CS_disableInterrupt                            
00002fd5  CS_getInterruptStatus                          
00002fdb  CS_getEnabledInterruptStatus                   
00002ff5  CS_clearInterruptFlag                          
00003017  CS_registerInterrupt                           
0000302b  CS_unregisterInterrupt                         
000031b5  Timer_A_startCounter                           
000031cb  Timer_A_configureContinuousMode                
000031fb  Timer_A_configureUpMode                        
00003259  Timer_A_configureUpDownMode                    
000032b7  Timer_A_initCapture                            
00003309  Timer_A_initCompare                            
00003357  Timer_A_getCounterValue                        
000033a3  Timer_A_clearTimer                             
000033b7  Timer_A_getSynchronizedCaptureCompareInput     
000033e7  Timer_A_getOutputForOutputModeOutBitValue      
00003415  Timer_A_getCaptureCompareCount                 
00003437  Timer_A_setOutputForOutputModeOutBitValue      
0000346f  Timer_A_generatePWM                            
000034e3  Timer_A_stopTimer                              
000034f7  Timer_A_setCompareValue                        
00003525  Timer_A_clearInterruptFlag                     
0000353b  Timer_A_clearCaptureCompareInterrupt           
00003563  Timer_A_enableInterrupt                        
00003577  Timer_A_disableInterrupt                       
0000358b  Timer_A_getInterruptStatus                     
0000359d  Timer_A_enableCaptureCompareInterrupt          
000035c9  Timer_A_disableCaptureCompareInterrupt         
000035f1  Timer_A_getCaptureCompareInterruptStatus       
00003619  Timer_A_getEnabledInterruptStatus              
00003631  Timer_A_getCaptureCompareEnabledInterruptStatus
0000366d  Timer_A_registerInterrupt                      
0000373f  Timer_A_unregisterInterrupt                    
00003809  GPIO_setAsOutputPin                            
00003843  GPIO_setAsInputPin                             
00003889  GPIO_setAsPeripheralModuleFunctionOutputPin    
0000390d  GPIO_setAsPeripheralModuleFunctionInputPin     
00003991  GPIO_setOutputHighOnPin                        
000039b3  GPIO_setOutputLowOnPin                         
000039d5  GPIO_toggleOutputOnPin                         
000039f7  GPIO_setAsInputPinWithPullDownResistor         
00003a49  GPIO_setAsInputPinWithPullUpResistor           
00003a9b  GPIO_getInputPinValue                          
00003ac9  GPIO_enableInterrupt                           
00003aeb  GPIO_disableInterrupt                          
00003b0d  GPIO_getInterruptStatus                        
00003b2b  GPIO_clearInterruptFlag                        
00003b4d  GPIO_interruptEdgeSelect                       
00003b83  GPIO_getEnabledInterruptStatus                 
00003bff  GPIO_setDriveStrengthHigh                      
00003c21  GPIO_setDriveStrengthLow                       
00003c43  GPIO_registerInterrupt                         
00003c63  GPIO_unregisterInterrupt                       
00003c8b  Interrupt_enableMaster                         
00003c9b  Interrupt_disableMaster                        
00003cab  Interrupt_registerInterrupt                    
00003cfd  Interrupt_unregisterInterrupt                  
00003d11  Interrupt_setPriorityGrouping                  
00003d2b  Interrupt_getPriorityGrouping                  
00003d63  Interrupt_setPriority                          
00003db3  Interrupt_getPriority                          
00003dd9  Interrupt_enableInterrupt                      
00003e4b  Interrupt_disableInterrupt                     
00003ebd  Interrupt_isEnabled                            
00003f49  Interrupt_pendInterrupt                        
00003fb9  Interrupt_unpendInterrupt                      
00004007  Interrupt_setPriorityMask                      
00004017  Interrupt_getPriorityMask                      
00004021  Interrupt_setVectorTableAddress                
00004031  Interrupt_getVectorTableAddress                
00004037  Interrupt_enableSleepOnIsrExit                 
00004049  Interrupt_disableSleepOnIsrExit                
00004079  minit                                          
000040f9  malloc                                         
00004163  free                                           
00004225  realloc                                        
0000432d  memalign                                       
00004419  calloc                                         
00004449  SystemCoreClockUpdate                          
000046bd  SystemInit                                     
00004775  SysCtl_getTLVInfo                              
000047eb  SysCtl_getSRAMSize                             
000047f1  SysCtl_getFlashSize                            
000047f7  SysCtl_disableNMISource                        
0000480b  SysCtl_enableNMISource                         
0000481f  SysCtl_getNMISourceStatus                      
00004825  SysCtl_enableSRAMBank                          
00004841  SysCtl_disableSRAMBank                         
000048a9  SysCtl_enableSRAMBankRetention                 
000048c5  SysCtl_disableSRAMBankRetention                
000048e1  SysCtl_rebootDevice                            
000048eb  SysCtl_enablePeripheralAtCPUHalt               
000048ff  SysCtl_disablePeripheralAtCPUHalt              
00004913  SysCtl_setWDTTimeoutResetType                  
00004937  SysCtl_setWDTPasswordViolationResetType        
0000495b  SysCtl_enableGlitchFilter                      
00004967  SysCtl_disableGlitchFilter                     
00004973  SysCtl_getTempCalibrationConstant              
000049b9  __aeabi_uldivmod                               
00004c75  __TI_cleanup                                   
00004ca1  freopen                                        
00004ccb  fopen                                          
00004d71  __aeabi_dsub                                   
00004d7b  __aeabi_dadd                                   
00004f27  __aeabi_ddiv                                   
0000505d  fputs                                          
00005169  puts                                           
00005191  __aeabi_dmul                                   
0000528d  ldexp                                          
0000528d  ldexpl                                         
0000528d  scalbn                                         
0000528d  scalbnl                                        
00005389  floor                                          
00005389  floorl                                         
00005481  setvbuf                                        
0000555d  WDT_A_holdTimer                                
0000557d  WDT_A_startTimer                               
0000559d  WDT_A_clearTimer                               
000055bd  WDT_A_initWatchdogTimer                        
000055d9  WDT_A_initIntervalTimer                        
000055f5  WDT_A_setPasswordViolationReset                
00005601  WDT_A_setTimeoutReset                          
0000560d  WDT_A_registerInterrupt                        
00005621  WDT_A_unregisterInterrupt                      
00005635  __TI_doflush                                   
00005681  fflush                                         
000056fd  FPU_enableModule                               
0000570f  FPU_disableModule                              
0000571d  FPU_enableStacking                             
0000572f  FPU_enableLazyStacking                         
0000573b  FPU_disableStacking                            
00005747  FPU_setHalfPrecisionMode                       
00005761  FPU_setNaNMode                                 
0000577b  FPU_setFlushToZeroMode                         
00005795  FPU_setRoundingMode                            
000057bd  round                                          
000057bd  roundl                                         
0000587d  open                                           
00005939  __TI_wrt_ok                                    
0000599b  __TI_rd_ok                                     
000059e5  __aeabi_memcpy                                 
000059e5  __aeabi_memcpy4                                
000059e5  __aeabi_memcpy8                                
000059e5  memcpy                                         
00005a81  __TI_closefile                                 
00005ae7  fclose                                         
00005b19  fputc                                          
00005b19  putc                                           
00005b9d  putchar                                        
00005bb1  HOSTtime64                                     
00005bff  HOSTtime                                       
00005c49  __aeabi_cdcmpeq                                
00005c49  __aeabi_cdcmple                                
00005ccf  __aeabi_cdrcmple                               
00005d55  __aeabi_memclr                                 
00005d55  __aeabi_memclr4                                
00005d55  __aeabi_memclr8                                
00005d57  __aeabi_memset                                 
00005d57  __aeabi_memset4                                
00005d57  __aeabi_memset8                                
00005d5d  memset                                         
00005dcf  _system_post_cinit                             
00005dd1  __TI_auto_init                                 
00005e41  finddevice                                     
00005e6b  getdevice                                      
00005eb9  printf                                         
00005f21  __aeabi_d2f                                    
00005f91  HOSTrename                                     
00005ffd  __TI_decompress_lzss                           
00006065  HOSTlseek                                      
000060cd  __TI_writemsg                                  
000060fb  C$$IO$$                                        
000060ff  __TI_readmsg                                   
00006135  fseek                                          
00006199  frexp                                          
00006199  frexpl                                         
000061fd  HOSTopen                                       
0000625d  close                                          
000062b9  HOSTread                                       
00006311  HOSTwrite                                      
00006369  _c_int00                                       
000063bd  C$$EXIT                                        
000063c1  abort                                          
000063c9  exit                                           
00006411  ltoa                                           
00006465  atoi                                           
000064b1  copy_in                                        
000064fd  srand                                          
00006513  rand                                           
00006549  __aeabi_d2iz                                   
00006591  __aeabi_d2uiz                                  
000065d5  HOSTclose                                      
00006619  HOSTunlink                                     
0000665d  CPU_cpsid                                      
00006669  CPU_primask                                    
00006673  CPU_cpsie                                      
0000667f  CPU_wfi                                        
00006683  CPU_basepriSet                                 
00006691  CPU_basepriGet                                 
0000669b  __aeabi_f2d                                    
000066d3  strncpy                                        
00006709  __aeabi_i2d                                    
00006739  remove                                         
00006739  unlink                                         
00006765  lseek                                          
0000678d  write                                          
000067b5  memchr                                         
000067d5  memccpy                                        
000067f1  _args_main                                     
00006809  strcmp                                         
00006821  strchr                                         
00006839  _register_unlock                               
0000683f  _register_lock                                 
00006847  _nop                                           
0000684d  copysign                                       
0000684d  copysignl                                      
00006861  strcpy                                         
00006875  strlen                                         
00006889  __TI_decompress_none                           
00006897  __time32                                       
00006897  time                                           
000068a5  Reset_Handler                                  
000068b1  ADC14_IRQHandler                               
000068b1  AES256_IRQHandler                              
000068b1  BusFault_Handler                               
000068b1  COMP_E0_IRQHandler                             
000068b1  COMP_E1_IRQHandler                             
000068b1  CS_IRQHandler                                  
000068b1  DMA_ERR_IRQHandler                             
000068b1  DMA_INT0_IRQHandler                            
000068b1  DMA_INT1_IRQHandler                            
000068b1  DMA_INT2_IRQHandler                            
000068b1  DMA_INT3_IRQHandler                            
000068b1  DebugMon_Handler                               
000068b1  Default_Handler                                
000068b1  EUSCIA0_IRQHandler                             
000068b1  EUSCIA1_IRQHandler                             
000068b1  EUSCIA2_IRQHandler                             
000068b1  EUSCIA3_IRQHandler                             
000068b1  EUSCIB0_IRQHandler                             
000068b1  EUSCIB1_IRQHandler                             
000068b1  EUSCIB2_IRQHandler                             
000068b1  EUSCIB3_IRQHandler                             
000068b1  FLCTL_IRQHandler                               
000068b1  FPU_IRQHandler                                 
000068b1  HardFault_Handler                              
000068b1  MemManage_Handler                              
000068b1  NMI_Handler                                    
000068b1  PCM_IRQHandler                                 
000068b1  PORT1_IRQHandler                               
000068b1  PORT2_IRQHandler                               
000068b1  PORT3_IRQHandler                               
000068b1  PORT4_IRQHandler                               
000068b1  PORT6_IRQHandler                               
000068b1  PSS_IRQHandler                                 
000068b1  PendSV_Handler                                 
000068b1  RTC_C_IRQHandler                               
000068b1  SVC_Handler                                    
000068b1  SysTick_Handler                                
000068b1  T32_INT1_IRQHandler                            
000068b1  T32_INT2_IRQHandler                            
000068b1  T32_INTC_IRQHandler                            
000068b1  TA0_0_IRQHandler                               
000068b1  TA0_N_IRQHandler                               
000068b1  TA1_0_IRQHandler                               
000068b1  TA1_N_IRQHandler                               
000068b1  TA2_N_IRQHandler                               
000068b1  TA3_0_IRQHandler                               
000068b1  TA3_N_IRQHandler                               
000068b1  UsageFault_Handler                             
000068b1  WDT_A_IRQHandler                               
000068b3  __TI_zero_init                                 
000068bf  _system_pre_init                               
000068c4  _ctypes_                                       
00006a54  upConfig                                       
00006a8c  state_space                                    
00006a90  action_space                                   
00006b54  __TI_Handler_Table_Base                        
00006b60  __TI_Handler_Table_Limit                       
00006b70  __TI_CINIT_Base                                
00006b88  __TI_CINIT_Limit                               
20000000  g_pfnRAMVectors                                
200000e8  _sys_memory                                    
200004e8  joint                                          
200006c8  __CIOBUF_                                      
200007e8  __TI_tmpnams                                   
20000890  parmbuf                                        
20000898  action1                                        
2000089c  action2                                        
200008a0  action3                                        
200008a4  action4                                        
200008a8  action5                                        
200008ac  action6                                        
200008b0  action7                                        
200008b4  action8                                        
200008b8  alpha                                          
200008bc  discount                                       
200008c0  distance                                       
200008c4  episode                                        
200008c8  i                                              
200008cc  newDist                                        
200008d0  oldDist                                        
200008d4  reward                                         
200008d5  state1                                         
200008d6  state1old                                      
200008d7  state2                                         
200008d8  state2old                                      
200008d9  state3                                         
200008da  state3old                                      
200008db  state4                                         
200008dc  state4old                                      
200008dd  state5                                         
200008de  state5old                                      
200008df  state6                                         
200008e0  state6old                                      
200008e1  state7                                         
200008e2  state7old                                      
200008e3  state8                                         
200008e4  state8old                                      
200008e8  _ftable                                        
200009d8  _device                                        
20000a50  _stream                                        
20000ad0  pwmConfig1                                     
20000ae8  pwmConfig2                                     
20000b00  pwmConfig3                                     
20000b18  pwmConfig4                                     
20000b30  __TI_ft_end                                    
20000b34  __aeabi_stdin                                  
20000b38  __aeabi_stdout                                 
20000b3c  __aeabi_stderr                                 
20000b40  __TI_cleanup_ptr                               
20000b44  __TI_dtors_ptr                                 
20000b48  __TI_enable_exit_profile_output                
20000b58  _lock                                          
20000b5c  _unlock                                        
20000b60  errno                                          
20000b70  main_func_sp                                   
20000b74  SystemCoreClock                                
2000fe00  __stack                                        
20010000  __STACK_END                                    
4000480c  WDTCTL_SYM                                     
ffffffff  __TI_pprof_out_hndl                            
ffffffff  __TI_prof_data_size                            
ffffffff  __TI_prof_data_start                           
ffffffff  __binit__                                      
ffffffff  __c_args__                                     
ffffffff  binit                                          
UNDEFED   SHT$$INIT_ARRAY$$Base                          
UNDEFED   SHT$$INIT_ARRAY$$Limit                         

[393 symbols]
